package eagerpb

import (
	context "context"
	sql "database/sql"
	fmt "fmt"
	v1 "github.com/snaerverk/protoc-gen-go-sqlmap/pkg/generated/schema/v1"
	query "github.com/snaerverk/protoc-gen-go-sqlmap/pkg/query"
	proto "google.golang.org/protobuf/proto"
	fieldmaskpb "google.golang.org/protobuf/types/known/fieldmaskpb"
	timestamppb "google.golang.org/protobuf/types/known/timestamppb"
)

var (
	PublisherColumnDef_Id = &v1.SchemaColumn{
		Name: proto.String("publisher_id"),
		Type: map[string]string{
			"mysql":    "BIGINT",
			"postgres": "BIGINT",
			"sqlite3":  "INTEGER",
		},
		Pk:       v1.PK_PK_AUTO.Enum(),
		Nullable: proto.Bool(false),
	}
	PublisherColumnDef_Name = &v1.SchemaColumn{
		Name: proto.String("publisher_name"),
		Type: map[string]string{
			"mysql":    "VARCHAR(255)",
			"postgres": "VARCHAR(255)",
			"sqlite3":  "VARCHAR(255)",
		},
		Pk:       v1.PK_PK_UNSPECIFIED.Enum(),
		Nullable: proto.Bool(true),
	}
)
var PublisherTable = &v1.SchemaTable{
	Name: proto.String("tbl_publisher"),
	Columns: []*v1.SchemaColumn{
		PublisherColumnDef_Id,
		PublisherColumnDef_Name,
	},
}

func init() {
}

var (
	AuthorColumnDef_Id = &v1.SchemaColumn{
		Name: proto.String("author_id"),
		Type: map[string]string{
			"mysql":    "BIGINT",
			"postgres": "BIGINT",
			"sqlite3":  "INTEGER",
		},
		Pk:       v1.PK_PK_AUTO.Enum(),
		Nullable: proto.Bool(false),
	}
	AuthorColumnDef_Name = &v1.SchemaColumn{
		Name: proto.String("author_name"),
		Type: map[string]string{
			"mysql":    "VARCHAR(255)",
			"postgres": "VARCHAR(255)",
			"sqlite3":  "VARCHAR(255)",
		},
		Pk:       v1.PK_PK_UNSPECIFIED.Enum(),
		Nullable: proto.Bool(true),
	}
)
var AuthorTable = &v1.SchemaTable{
	Name: proto.String("tbl_author"),
	Columns: []*v1.SchemaColumn{
		AuthorColumnDef_Id,
		AuthorColumnDef_Name,
	},
}

func init() {
}

var (
	BookColumnDef_Id = &v1.SchemaColumn{
		Name: proto.String("book_id"),
		Type: map[string]string{
			"mysql":    "BIGINT",
			"postgres": "BIGINT",
			"sqlite3":  "INTEGER",
		},
		Pk:       v1.PK_PK_AUTO.Enum(),
		Nullable: proto.Bool(false),
	}
	BookColumnDef_Title = &v1.SchemaColumn{
		Name: proto.String("book_title"),
		Type: map[string]string{
			"mysql":    "VARCHAR(255)",
			"postgres": "VARCHAR(255)",
			"sqlite3":  "VARCHAR(255)",
		},
		Pk:       v1.PK_PK_UNSPECIFIED.Enum(),
		Nullable: proto.Bool(true),
	}
	BookColumnDef_AuthorId = &v1.SchemaColumn{
		Name: proto.String("author_id"),
		Type: map[string]string{
			"mysql":    "BIGINT",
			"postgres": "BIGINT",
			"sqlite3":  "INTEGER",
		},
		Pk:       v1.PK_PK_UNSPECIFIED.Enum(),
		Nullable: proto.Bool(true),
	}
	BookColumnDef_Pages = &v1.SchemaColumn{
		Name: proto.String("pages"),
		Type: map[string]string{
			"mysql":    "INT(11)",
			"postgres": "INTEGER",
			"sqlite3":  "INTEGER",
		},
		Pk:       v1.PK_PK_UNSPECIFIED.Enum(),
		Nullable: proto.Bool(true),
	}
	BookColumnDef_PublishedAt = &v1.SchemaColumn{
		Name: proto.String("published_at"),
		Type: map[string]string{
			"mysql":    "DATETIME",
			"postgres": "TIMESTAMPTZ",
			"sqlite3":  "TIMESTAMP",
		},
		Pk:       v1.PK_PK_UNSPECIFIED.Enum(),
		Nullable: proto.Bool(true),
	}
	BookColumnDef_Publisher = &v1.SchemaColumn{
		Name: proto.String("publisher_id"),
		Type: map[string]string{
			"mysql":    "BIGINT",
			"postgres": "BIGINT",
			"sqlite3":  "INTEGER",
		},
		Pk:       v1.PK_PK_UNSPECIFIED.Enum(),
		Nullable: proto.Bool(true),
	}
)
var BookTable = &v1.SchemaTable{
	Name: proto.String("tbl_book"),
	Columns: []*v1.SchemaColumn{
		BookColumnDef_Id,
		BookColumnDef_Title,
		BookColumnDef_AuthorId,
		BookColumnDef_Pages,
		BookColumnDef_PublishedAt,
		BookColumnDef_Publisher,
	},
}

func init() {
	BookTable.ForeignKeys = append(BookTable.ForeignKeys, &v1.SchemaForeignKey{
		Columns: []*v1.SchemaColumn{
			BookColumnDef_AuthorId,
		},
		RefTable: AuthorTable,
		RefColumns: []*v1.SchemaColumn{
			AuthorColumnDef_Id,
		},
		OnDelete: v1.OnDelete_ON_DELETE_CASCADE.Enum(),
	})
	BookTable.ForeignKeys = append(BookTable.ForeignKeys, &v1.SchemaForeignKey{
		Columns: []*v1.SchemaColumn{
			BookColumnDef_Publisher,
		},
		RefTable: PublisherTable,
		RefColumns: []*v1.SchemaColumn{
			PublisherColumnDef_Id,
		},
		OnDelete: v1.OnDelete_ON_DELETE_UNSPECIFIED.Enum(),
	})
}

type PublisherResult struct {
	Publisher
}

// Scan reads cols off r, which is satisfied by both *sql.Row and *sql.Rows.
func (n *PublisherResult) Scan(cols []string, r interface{ Scan(dest ...any) error }) error {
	values := make([]any, len(cols))
	for i, col := range cols {
		switch col {
		case "publisher_id":
			values[i] = &n.Id
		case "publisher_name":
			values[i] = &n.Name
		default:
			return fmt.Errorf("unknown column '%s'", col)
		}
	}
	if err := r.Scan(values...); err != nil {
		return err
	}
	return nil
}

func (n *Publisher) GetColValue(col string) any {
	switch col {
	case "publisher_id":
		return n.Id
	case "publisher_name":
		return n.Name
	default:
		return nil
	}
}

func GetPublisherPKColumns() []string {
	return []string{
		"publisher_id",
	}
}

func GetPublisherColumns() []string {
	return []string{
		"publisher_id",
		"publisher_name",
	}
}

type AuthorResult struct {
	Author
}

// Scan reads cols off r, which is satisfied by both *sql.Row and *sql.Rows.
func (n *AuthorResult) Scan(cols []string, r interface{ Scan(dest ...any) error }) error {
	values := make([]any, len(cols))
	for i, col := range cols {
		switch col {
		case "author_id":
			values[i] = &n.Id
		case "author_name":
			values[i] = &n.Name
		default:
			return fmt.Errorf("unknown column '%s'", col)
		}
	}
	if err := r.Scan(values...); err != nil {
		return err
	}
	return nil
}

func (n *Author) GetColValue(col string) any {
	switch col {
	case "author_id":
		return n.Id
	case "author_name":
		return n.Name
	default:
		return nil
	}
}

func GetAuthorPKColumns() []string {
	return []string{
		"author_id",
	}
}

func GetAuthorColumns() []string {
	return []string{
		"author_id",
		"author_name",
	}
}

type BookResult struct {
	Book
	ts_published_at    sql.NullTime
	fk_publisher_id_id any
}

// Scan reads cols off r, which is satisfied by both *sql.Row and *sql.Rows.
func (n *BookResult) Scan(cols []string, r interface{ Scan(dest ...any) error }) error {
	values := make([]any, len(cols))
	for i, col := range cols {
		switch col {
		case "book_id":
			values[i] = &n.Id
		case "book_title":
			values[i] = &n.Title
		case "author_id":
			values[i] = &n.AuthorId
		case "pages":
			values[i] = &n.Pages
		case "published_at":
			values[i] = &n.ts_published_at
		case "publisher_id":
			values[i] = &n.fk_publisher_id_id
		default:
			return fmt.Errorf("unknown column '%s'", col)
		}
	}
	if err := r.Scan(values...); err != nil {
		return err
	}
	// Left nil when the column is NULL, so an absent timestamp stays absent
	// rather than becoming the zero instant.
	if n.ts_published_at.Valid {
		n.PublishedAt = timestamppb.New(n.ts_published_at.Time)
	}
	return nil
}

func (n *Book) GetColValue(col string) any {
	switch col {
	case "book_id":
		return n.Id
	case "book_title":
		return n.Title
	case "author_id":
		return n.AuthorId
	case "pages":
		return n.Pages
	case "published_at":
		// Handed back as a time.Time, which is what a driver can bind.
		if n.PublishedAt == nil {
			return nil
		}
		return n.PublishedAt.AsTime()
	case "publisher_id":
		return n.Publisher
	default:
		return nil
	}
}

func GetBookPKColumns() []string {
	return []string{
		"book_id",
	}
}

func GetBookColumns() []string {
	return []string{
		"book_id",
		"book_title",
		"author_id",
		"pages",
		"published_at",
		"publisher_id",
	}
}

// PublisherQueryColumns returns the columns to select for mask. Primary keys
// are always included, since relations are stitched on them.
func PublisherQueryColumns(m *query.Mask, extra ...string) []string {
	cols := make([]string, 0, 2+len(extra))
	cols = append(cols, "publisher_id")
	if m.Has("name") {
		cols = append(cols, "publisher_name")
	}
	for _, e := range extra {
		if !query.Contains(cols, e) {
			cols = append(cols, e)
		}
	}
	return cols
}

// LoadPublisherRows selects tbl_publisher rows matching conds and eagerly
// loads every relation the mask selects. extra forces columns into the SELECT
// regardless of the mask, which is how a parent gets the join key back.
func LoadPublisherRows(ctx context.Context, c query.Conn, m *query.Mask, conds []query.Cond, extra ...string) ([]*PublisherResult, error) {
	cols := PublisherQueryColumns(m, extra...)
	sqlRows, err := c.Select(ctx, "tbl_publisher", cols, conds)
	if err != nil {
		return nil, err
	}
	defer sqlRows.Close()

	var rows []*PublisherResult
	for sqlRows.Next() {
		row := new(PublisherResult)
		if err := row.Scan(cols, sqlRows); err != nil {
			return nil, err
		}
		rows = append(rows, row)
	}
	if err := sqlRows.Err(); err != nil {
		return nil, err
	}
	if len(rows) == 0 {
		return rows, nil
	}

	return rows, nil
}

// LoadPublisher selects tbl_publisher rows restricted to the fields mask
// names. A nil or empty mask selects every column and loads no relations.
func LoadPublisher(ctx context.Context, c query.Conn, mask *fieldmaskpb.FieldMask, conds ...query.Cond) ([]*Publisher, error) {
	rows, err := LoadPublisherRows(ctx, c, query.FromFieldMask(mask), conds)
	if err != nil {
		return nil, err
	}
	out := make([]*Publisher, len(rows))
	for i, row := range rows {
		out[i] = &row.Publisher
	}
	return out, nil
}

// AuthorQueryColumns returns the columns to select for mask. Primary keys
// are always included, since relations are stitched on them.
func AuthorQueryColumns(m *query.Mask, extra ...string) []string {
	cols := make([]string, 0, 2+len(extra))
	cols = append(cols, "author_id")
	if m.Has("name") {
		cols = append(cols, "author_name")
	}
	for _, e := range extra {
		if !query.Contains(cols, e) {
			cols = append(cols, e)
		}
	}
	return cols
}

// LoadAuthorRows selects tbl_author rows matching conds and eagerly
// loads every relation the mask selects. extra forces columns into the SELECT
// regardless of the mask, which is how a parent gets the join key back.
func LoadAuthorRows(ctx context.Context, c query.Conn, m *query.Mask, conds []query.Cond, extra ...string) ([]*AuthorResult, error) {
	cols := AuthorQueryColumns(m, extra...)
	sqlRows, err := c.Select(ctx, "tbl_author", cols, conds)
	if err != nil {
		return nil, err
	}
	defer sqlRows.Close()

	var rows []*AuthorResult
	for sqlRows.Next() {
		row := new(AuthorResult)
		if err := row.Scan(cols, sqlRows); err != nil {
			return nil, err
		}
		rows = append(rows, row)
	}
	if err := sqlRows.Err(); err != nil {
		return nil, err
	}
	if len(rows) == 0 {
		return rows, nil
	}

	if m.HasRelation("books") {
		byKey := make(map[any][]*AuthorResult, len(rows))
		for _, row := range rows {
			key := query.Key(row.GetId())
			if key == nil {
				continue
			}
			byKey[key] = append(byKey[key], row)
		}
		if cond, ok := query.In("author_id", query.Keys(byKey)); ok {
			related, err := LoadBookRows(ctx, c, m.Sub("books"), []query.Cond{cond}, "author_id")
			if err != nil {
				return nil, err
			}
			for _, rel := range related {
				for _, row := range byKey[query.Key(rel.GetAuthorId())] {
					row.Books = append(row.Books, &rel.Book)
				}
			}
		}
	}

	return rows, nil
}

// LoadAuthor selects tbl_author rows restricted to the fields mask
// names. A nil or empty mask selects every column and loads no relations.
func LoadAuthor(ctx context.Context, c query.Conn, mask *fieldmaskpb.FieldMask, conds ...query.Cond) ([]*Author, error) {
	rows, err := LoadAuthorRows(ctx, c, query.FromFieldMask(mask), conds)
	if err != nil {
		return nil, err
	}
	out := make([]*Author, len(rows))
	for i, row := range rows {
		out[i] = &row.Author
	}
	return out, nil
}

// BookQueryColumns returns the columns to select for mask. Primary keys
// are always included, since relations are stitched on them.
func BookQueryColumns(m *query.Mask, extra ...string) []string {
	cols := make([]string, 0, 6+len(extra))
	cols = append(cols, "book_id")
	if m.Has("title") {
		cols = append(cols, "book_title")
	}
	if m.Has("author_id") {
		cols = append(cols, "author_id")
	}
	if m.Has("pages") {
		cols = append(cols, "pages")
	}
	if m.Has("published_at") {
		cols = append(cols, "published_at")
	}
	if m.Has("publisher") {
		cols = append(cols, "publisher_id")
	}
	for _, e := range extra {
		if !query.Contains(cols, e) {
			cols = append(cols, e)
		}
	}
	return cols
}

// LoadBookRows selects tbl_book rows matching conds and eagerly
// loads every relation the mask selects. extra forces columns into the SELECT
// regardless of the mask, which is how a parent gets the join key back.
func LoadBookRows(ctx context.Context, c query.Conn, m *query.Mask, conds []query.Cond, extra ...string) ([]*BookResult, error) {
	cols := BookQueryColumns(m, extra...)
	sqlRows, err := c.Select(ctx, "tbl_book", cols, conds)
	if err != nil {
		return nil, err
	}
	defer sqlRows.Close()

	var rows []*BookResult
	for sqlRows.Next() {
		row := new(BookResult)
		if err := row.Scan(cols, sqlRows); err != nil {
			return nil, err
		}
		rows = append(rows, row)
	}
	if err := sqlRows.Err(); err != nil {
		return nil, err
	}
	if len(rows) == 0 {
		return rows, nil
	}

	if m.HasRelation("publisher") {
		byKey := make(map[any][]*BookResult, len(rows))
		for _, row := range rows {
			key := query.Key(row.fk_publisher_id_id)
			if key == nil {
				continue
			}
			byKey[key] = append(byKey[key], row)
		}
		if cond, ok := query.In("publisher_id", query.Keys(byKey)); ok {
			related, err := LoadPublisherRows(ctx, c, m.Sub("publisher"), []query.Cond{cond})
			if err != nil {
				return nil, err
			}
			for _, rel := range related {
				for _, row := range byKey[query.Key(rel.GetId())] {
					row.Publisher = &rel.Publisher
				}
			}
		}
	}

	return rows, nil
}

// LoadBook selects tbl_book rows restricted to the fields mask
// names. A nil or empty mask selects every column and loads no relations.
func LoadBook(ctx context.Context, c query.Conn, mask *fieldmaskpb.FieldMask, conds ...query.Cond) ([]*Book, error) {
	rows, err := LoadBookRows(ctx, c, query.FromFieldMask(mask), conds)
	if err != nil {
		return nil, err
	}
	out := make([]*Book, len(rows))
	for i, row := range rows {
		out[i] = &row.Book
	}
	return out, nil
}
