package subtypepb

import (
	context "context"
	fmt "fmt"
	v1 "github.com/snaerverk/protoc-gen-go-sqlmap/pkg/generated/schema/v1"
	query "github.com/snaerverk/protoc-gen-go-sqlmap/pkg/query"
	proto "google.golang.org/protobuf/proto"
	fieldmaskpb "google.golang.org/protobuf/types/known/fieldmaskpb"
)

var (
	IdentityColumnDef_Id = &v1.SchemaColumn{
		Name: proto.String("id"),
		Type: map[string]string{
			"mysql":    "VARCHAR(64)",
			"postgres": "VARCHAR(64)",
			"sqlite3":  "VARCHAR(64)",
		},
		Pk:       v1.PK_PK_MAN.Enum(),
		Nullable: proto.Bool(false),
	}
	IdentityDiscriminatorColumn = &v1.SchemaColumn{
		Name: proto.String("kind"),
		Type: map[string]string{
			"mysql":    "VARCHAR(32)",
			"postgres": "VARCHAR(32)",
			"sqlite3":  "VARCHAR(32)",
		},
		Pk:       v1.PK_PK_UNSPECIFIED.Enum(),
		Nullable: proto.Bool(false),
	}
)
var IdentityTable = &v1.SchemaTable{
	Name: proto.String("identity"),
	Columns: []*v1.SchemaColumn{
		IdentityColumnDef_Id,
		IdentityDiscriminatorColumn,
	},
	Checks: []*v1.SchemaCheck{
		{
			Name: proto.String("identity_kind_check"),
			Expr: map[string]string{
				"mysql":    "`kind` IN ('person', 'org')",
				"postgres": "\"kind\" IN ('person', 'org')",
				"sqlite3":  "\"kind\" IN ('person', 'org')",
			},
		},
	},
	Indexes: []*v1.SchemaIndex{
		{
			Name:   proto.String("identity_kind_key"),
			Unique: proto.Bool(true),
			Columns: []*v1.SchemaColumn{
				IdentityColumnDef_Id,
				IdentityDiscriminatorColumn,
			},
		},
	},
}

func init() {
}

var (
	PersonColumnDef_Id = &v1.SchemaColumn{
		Name: proto.String("id"),
		Type: map[string]string{
			"mysql":    "VARCHAR(64)",
			"postgres": "VARCHAR(64)",
			"sqlite3":  "VARCHAR(64)",
		},
		Pk:       v1.PK_PK_MAN.Enum(),
		Nullable: proto.Bool(false),
	}
	PersonColumnDef_GivenName = &v1.SchemaColumn{
		Name: proto.String("given_name"),
		Type: map[string]string{
			"mysql":    "VARCHAR(255)",
			"postgres": "VARCHAR(255)",
			"sqlite3":  "VARCHAR(255)",
		},
		Pk:       v1.PK_PK_UNSPECIFIED.Enum(),
		Nullable: proto.Bool(false),
	}
	PersonDiscriminatorColumn = &v1.SchemaColumn{
		Name: proto.String("kind"),
		Type: map[string]string{
			"mysql":    "VARCHAR(32)",
			"postgres": "VARCHAR(32)",
			"sqlite3":  "VARCHAR(32)",
		},
		Pk:          v1.PK_PK_UNSPECIFIED.Enum(),
		Nullable:    proto.Bool(false),
		DefaultExpr: proto.String("'person'"),
	}
)
var PersonTable = &v1.SchemaTable{
	Name: proto.String("person"),
	Columns: []*v1.SchemaColumn{
		PersonColumnDef_Id,
		PersonColumnDef_GivenName,
		PersonDiscriminatorColumn,
	},
	Checks: []*v1.SchemaCheck{
		{
			Name: proto.String("person_kind_check"),
			Expr: map[string]string{
				"mysql":    "`kind` = 'person'",
				"postgres": "\"kind\" = 'person'",
				"sqlite3":  "\"kind\" = 'person'",
			},
		},
	},
}

func init() {
	PersonTable.ForeignKeys = append(PersonTable.ForeignKeys, &v1.SchemaForeignKey{
		Columns: []*v1.SchemaColumn{
			PersonColumnDef_Id,
			PersonDiscriminatorColumn,
		},
		RefTable: IdentityTable,
		RefColumns: []*v1.SchemaColumn{
			IdentityColumnDef_Id,
			IdentityDiscriminatorColumn,
		},
		OnDelete: v1.OnDelete_ON_DELETE_CASCADE.Enum(),
	})
}

var (
	OrganisationColumnDef_Id = &v1.SchemaColumn{
		Name: proto.String("id"),
		Type: map[string]string{
			"mysql":    "VARCHAR(64)",
			"postgres": "VARCHAR(64)",
			"sqlite3":  "VARCHAR(64)",
		},
		Pk:       v1.PK_PK_MAN.Enum(),
		Nullable: proto.Bool(false),
	}
	OrganisationColumnDef_Name = &v1.SchemaColumn{
		Name: proto.String("name"),
		Type: map[string]string{
			"mysql":    "VARCHAR(255)",
			"postgres": "VARCHAR(255)",
			"sqlite3":  "VARCHAR(255)",
		},
		Pk:       v1.PK_PK_UNSPECIFIED.Enum(),
		Nullable: proto.Bool(false),
	}
	OrganisationDiscriminatorColumn = &v1.SchemaColumn{
		Name: proto.String("kind"),
		Type: map[string]string{
			"mysql":    "VARCHAR(32)",
			"postgres": "VARCHAR(32)",
			"sqlite3":  "VARCHAR(32)",
		},
		Pk:          v1.PK_PK_UNSPECIFIED.Enum(),
		Nullable:    proto.Bool(false),
		DefaultExpr: proto.String("'org'"),
	}
)
var OrganisationTable = &v1.SchemaTable{
	Name: proto.String("organisation"),
	Columns: []*v1.SchemaColumn{
		OrganisationColumnDef_Id,
		OrganisationColumnDef_Name,
		OrganisationDiscriminatorColumn,
	},
	Checks: []*v1.SchemaCheck{
		{
			Name: proto.String("organisation_kind_check"),
			Expr: map[string]string{
				"mysql":    "`kind` = 'org'",
				"postgres": "\"kind\" = 'org'",
				"sqlite3":  "\"kind\" = 'org'",
			},
		},
	},
}

func init() {
	OrganisationTable.ForeignKeys = append(OrganisationTable.ForeignKeys, &v1.SchemaForeignKey{
		Columns: []*v1.SchemaColumn{
			OrganisationColumnDef_Id,
			OrganisationDiscriminatorColumn,
		},
		RefTable: IdentityTable,
		RefColumns: []*v1.SchemaColumn{
			IdentityColumnDef_Id,
			IdentityDiscriminatorColumn,
		},
		OnDelete: v1.OnDelete_ON_DELETE_CASCADE.Enum(),
	})
}

type IdentityResult struct {
	Identity
}

// Scan reads cols off r, which is satisfied by both *sql.Row and *sql.Rows.
func (n *IdentityResult) Scan(cols []string, r interface{ Scan(dest ...any) error }) error {
	values := make([]any, len(cols))
	for i, col := range cols {
		switch col {
		case "id":
			values[i] = &n.Id
		default:
			return fmt.Errorf("unknown column '%s'", col)
		}
	}
	if err := r.Scan(values...); err != nil {
		return err
	}
	return nil
}

func (n *Identity) GetColValue(col string) any {
	switch col {
	case "id":
		return n.Id
	default:
		return nil
	}
}

func GetIdentityPKColumns() []string {
	return []string{
		"id",
	}
}

func GetIdentityColumns() []string {
	return []string{
		"id",
	}
}

type PersonResult struct {
	Person
}

// Scan reads cols off r, which is satisfied by both *sql.Row and *sql.Rows.
func (n *PersonResult) Scan(cols []string, r interface{ Scan(dest ...any) error }) error {
	values := make([]any, len(cols))
	for i, col := range cols {
		switch col {
		case "id":
			values[i] = &n.Id
		case "given_name":
			values[i] = &n.GivenName
		default:
			return fmt.Errorf("unknown column '%s'", col)
		}
	}
	if err := r.Scan(values...); err != nil {
		return err
	}
	return nil
}

func (n *Person) GetColValue(col string) any {
	switch col {
	case "id":
		return n.Id
	case "given_name":
		return n.GivenName
	default:
		return nil
	}
}

func GetPersonPKColumns() []string {
	return []string{
		"id",
	}
}

func GetPersonColumns() []string {
	return []string{
		"id",
		"given_name",
	}
}

type OrganisationResult struct {
	Organisation
}

// Scan reads cols off r, which is satisfied by both *sql.Row and *sql.Rows.
func (n *OrganisationResult) Scan(cols []string, r interface{ Scan(dest ...any) error }) error {
	values := make([]any, len(cols))
	for i, col := range cols {
		switch col {
		case "id":
			values[i] = &n.Id
		case "name":
			values[i] = &n.Name
		default:
			return fmt.Errorf("unknown column '%s'", col)
		}
	}
	if err := r.Scan(values...); err != nil {
		return err
	}
	return nil
}

func (n *Organisation) GetColValue(col string) any {
	switch col {
	case "id":
		return n.Id
	case "name":
		return n.Name
	default:
		return nil
	}
}

func GetOrganisationPKColumns() []string {
	return []string{
		"id",
	}
}

func GetOrganisationColumns() []string {
	return []string{
		"id",
		"name",
	}
}

// IdentityQueryColumns returns the columns to select for mask. Primary keys
// are always included, since relations are stitched on them.
func IdentityQueryColumns(m *query.Mask, extra ...string) []string {
	cols := make([]string, 0, 1+len(extra))
	cols = append(cols, "id")
	for _, e := range extra {
		if !query.Contains(cols, e) {
			cols = append(cols, e)
		}
	}
	return cols
}

// LoadIdentityRows selects identity rows matching conds and eagerly
// loads every relation the mask selects. extra forces columns into the SELECT
// regardless of the mask, which is how a parent gets the join key back.
func LoadIdentityRows(ctx context.Context, c query.Conn, m *query.Mask, conds []query.Cond, extra ...string) ([]*IdentityResult, error) {
	cols := IdentityQueryColumns(m, extra...)
	sqlRows, err := c.Select(ctx, "identity", cols, conds)
	if err != nil {
		return nil, err
	}
	defer sqlRows.Close()

	var rows []*IdentityResult
	for sqlRows.Next() {
		row := new(IdentityResult)
		if err := row.Scan(cols, sqlRows); err != nil {
			return nil, err
		}
		rows = append(rows, row)
	}
	if err := sqlRows.Err(); err != nil {
		return nil, err
	}
	if len(rows) == 0 {
		return rows, nil
	}

	return rows, nil
}

// LoadIdentity selects identity rows restricted to the fields mask
// names. A nil or empty mask selects every column and loads no relations.
func LoadIdentity(ctx context.Context, c query.Conn, mask *fieldmaskpb.FieldMask, conds ...query.Cond) ([]*Identity, error) {
	rows, err := LoadIdentityRows(ctx, c, query.FromFieldMask(mask), conds)
	if err != nil {
		return nil, err
	}
	out := make([]*Identity, len(rows))
	for i, row := range rows {
		out[i] = &row.Identity
	}
	return out, nil
}

// PersonQueryColumns returns the columns to select for mask. Primary keys
// are always included, since relations are stitched on them.
func PersonQueryColumns(m *query.Mask, extra ...string) []string {
	cols := make([]string, 0, 2+len(extra))
	cols = append(cols, "id")
	if m.Has("given_name") {
		cols = append(cols, "given_name")
	}
	for _, e := range extra {
		if !query.Contains(cols, e) {
			cols = append(cols, e)
		}
	}
	return cols
}

// LoadPersonRows selects person rows matching conds and eagerly
// loads every relation the mask selects. extra forces columns into the SELECT
// regardless of the mask, which is how a parent gets the join key back.
func LoadPersonRows(ctx context.Context, c query.Conn, m *query.Mask, conds []query.Cond, extra ...string) ([]*PersonResult, error) {
	cols := PersonQueryColumns(m, extra...)
	sqlRows, err := c.Select(ctx, "person", cols, conds)
	if err != nil {
		return nil, err
	}
	defer sqlRows.Close()

	var rows []*PersonResult
	for sqlRows.Next() {
		row := new(PersonResult)
		if err := row.Scan(cols, sqlRows); err != nil {
			return nil, err
		}
		rows = append(rows, row)
	}
	if err := sqlRows.Err(); err != nil {
		return nil, err
	}
	if len(rows) == 0 {
		return rows, nil
	}

	return rows, nil
}

// LoadPerson selects person rows restricted to the fields mask
// names. A nil or empty mask selects every column and loads no relations.
func LoadPerson(ctx context.Context, c query.Conn, mask *fieldmaskpb.FieldMask, conds ...query.Cond) ([]*Person, error) {
	rows, err := LoadPersonRows(ctx, c, query.FromFieldMask(mask), conds)
	if err != nil {
		return nil, err
	}
	out := make([]*Person, len(rows))
	for i, row := range rows {
		out[i] = &row.Person
	}
	return out, nil
}

// OrganisationQueryColumns returns the columns to select for mask. Primary keys
// are always included, since relations are stitched on them.
func OrganisationQueryColumns(m *query.Mask, extra ...string) []string {
	cols := make([]string, 0, 2+len(extra))
	cols = append(cols, "id")
	if m.Has("name") {
		cols = append(cols, "name")
	}
	for _, e := range extra {
		if !query.Contains(cols, e) {
			cols = append(cols, e)
		}
	}
	return cols
}

// LoadOrganisationRows selects organisation rows matching conds and eagerly
// loads every relation the mask selects. extra forces columns into the SELECT
// regardless of the mask, which is how a parent gets the join key back.
func LoadOrganisationRows(ctx context.Context, c query.Conn, m *query.Mask, conds []query.Cond, extra ...string) ([]*OrganisationResult, error) {
	cols := OrganisationQueryColumns(m, extra...)
	sqlRows, err := c.Select(ctx, "organisation", cols, conds)
	if err != nil {
		return nil, err
	}
	defer sqlRows.Close()

	var rows []*OrganisationResult
	for sqlRows.Next() {
		row := new(OrganisationResult)
		if err := row.Scan(cols, sqlRows); err != nil {
			return nil, err
		}
		rows = append(rows, row)
	}
	if err := sqlRows.Err(); err != nil {
		return nil, err
	}
	if len(rows) == 0 {
		return rows, nil
	}

	return rows, nil
}

// LoadOrganisation selects organisation rows restricted to the fields mask
// names. A nil or empty mask selects every column and loads no relations.
func LoadOrganisation(ctx context.Context, c query.Conn, mask *fieldmaskpb.FieldMask, conds ...query.Cond) ([]*Organisation, error) {
	rows, err := LoadOrganisationRows(ctx, c, query.FromFieldMask(mask), conds)
	if err != nil {
		return nil, err
	}
	out := make([]*Organisation, len(rows))
	for i, row := range rows {
		out[i] = &row.Organisation
	}
	return out, nil
}
